2025-03-24 12:07:18,056 - sconti - INFO - Inizializzazione estensione SQLAlchemy
2025-03-24 12:07:18,065 - sconti - INFO - DATABASE_URL rilevato: postgresql://tech_admin:GinnyLD%401402@100.120.25.12:5432/ld_flask_app
2025-03-24 12:07:18,066 - sconti - INFO - Creazione dell'app Flask per Celery...
2025-03-24 12:07:18,066 - sconti - INFO - >>> Creazione dell'app Flask
2025-03-24 12:07:18,199 - sconti - INFO - App Flask creata e database inizializzato correttamente.
2025-03-24 12:07:18,200 - sconti - INFO - Inizializzazione di Celery...
2025-03-24 12:07:18,206 - sconti - INFO - Caricamento configurazione da config.celeryconfig...
2025-03-24 12:07:18,206 - sconti - INFO - Autodiscovery dei task Celery...
2025-03-24 12:07:18,207 - sconti - INFO - Celery pronto.
2025-03-24 12:07:18,227 - sconti - INFO - Configurazione Celery: broker_url=redis://localhost:6379/0, result_backend=redis://localhost:6379/0
2025-03-24 12:07:18,229 - sconti - INFO - Scheduler Celery (beat) configurato con 3 task giornalieri.
2025-03-24 12:07:24,569 - sconti - INFO - Inizializzazione estensione SQLAlchemy
2025-03-24 12:07:24,577 - sconti - INFO - DATABASE_URL rilevato: postgresql://tech_admin:GinnyLD%401402@100.120.25.12:5432/ld_flask_app
2025-03-24 12:07:24,578 - sconti - INFO - Creazione dell'app Flask per Celery...
2025-03-24 12:07:24,579 - sconti - INFO - >>> Creazione dell'app Flask
2025-03-24 12:07:24,640 - sconti - INFO - App Flask creata e database inizializzato correttamente.
2025-03-24 12:07:24,640 - sconti - INFO - Inizializzazione di Celery...
2025-03-24 12:07:24,646 - sconti - INFO - Caricamento configurazione da config.celeryconfig...
2025-03-24 12:07:24,646 - sconti - INFO - Autodiscovery dei task Celery...
2025-03-24 12:07:24,646 - sconti - INFO - Celery pronto.
2025-03-24 12:07:24,661 - sconti - INFO - Configurazione Celery: broker_url=redis://localhost:6379/0, result_backend=redis://localhost:6379/0
2025-03-24 12:07:24,663 - sconti - INFO - Scheduler Celery (beat) configurato con 3 task giornalieri.
2025-03-24 16:44:49,702 - sconti - INFO - Inizializzazione estensione SQLAlchemy
2025-03-24 16:44:49,712 - sconti - INFO - DATABASE_URL rilevato: postgresql://tech_admin:GinnyLD%401402@100.120.25.12:5432/ld_flask_app
2025-03-24 16:44:49,713 - sconti - INFO - Creazione dell'app Flask per Celery...
2025-03-24 16:44:49,713 - sconti - INFO - >>> Creazione dell'app Flask
2025-03-24 16:44:49,761 - sconti - INFO - App Flask creata e database inizializzato correttamente.
2025-03-24 16:44:49,761 - sconti - INFO - Inizializzazione di Celery...
2025-03-24 16:44:49,768 - sconti - INFO - Caricamento configurazione da config.celeryconfig...
2025-03-24 16:44:49,768 - sconti - INFO - Autodiscovery dei task Celery...
2025-03-24 16:44:49,770 - sconti - INFO - Celery pronto.
2025-03-24 16:44:49,786 - sconti - INFO - Configurazione Celery: broker_url=redis://localhost:6379/0, result_backend=redis://localhost:6379/0
2025-03-24 16:44:49,787 - sconti - INFO - Scheduler Celery (beat) configurato con 3 task giornalieri.
2025-03-24 16:44:50,269 - sconti - INFO - Inizializzazione estensione SQLAlchemy
2025-03-24 16:44:50,292 - sconti - INFO - DATABASE_URL rilevato: postgresql://tech_admin:GinnyLD%401402@100.120.25.12:5432/ld_flask_app
2025-03-24 16:44:50,293 - sconti - INFO - Creazione dell'app Flask per Celery...
2025-03-24 16:44:50,295 - sconti - INFO - >>> Creazione dell'app Flask
2025-03-24 16:44:50,352 - sconti - INFO - App Flask creata e database inizializzato correttamente.
2025-03-24 16:44:50,352 - sconti - INFO - Inizializzazione di Celery...
2025-03-24 16:44:50,358 - sconti - INFO - Caricamento configurazione da config.celeryconfig...
2025-03-24 16:44:50,359 - sconti - INFO - Autodiscovery dei task Celery...
2025-03-24 16:44:50,360 - sconti - INFO - Celery pronto.
2025-03-24 16:44:50,376 - sconti - INFO - Configurazione Celery: broker_url=redis://localhost:6379/0, result_backend=redis://localhost:6379/0
2025-03-24 16:44:50,378 - sconti - INFO - Scheduler Celery (beat) configurato con 3 task giornalieri.
2025-03-24 17:17:37,984 - sconti - INFO - Inizializzazione estensione SQLAlchemy
2025-03-24 17:17:37,994 - sconti - INFO - DATABASE_URL rilevato: postgresql://tech_admin:GinnyLD%401402@100.120.25.12:5432/ld_flask_app
2025-03-24 17:17:37,994 - sconti - INFO - Creazione dell'app Flask per Celery...
2025-03-24 17:17:37,995 - sconti - INFO - >>> Creazione dell'app Flask
2025-03-24 17:17:38,064 - sconti - INFO - App Flask creata e database inizializzato correttamente.
2025-03-24 17:17:38,064 - sconti - INFO - Inizializzazione di Celery...
2025-03-24 17:17:38,075 - sconti - INFO - Caricamento configurazione da config.celeryconfig...
2025-03-24 17:17:38,075 - sconti - INFO - Autodiscovery dei task Celery...
2025-03-24 17:17:38,076 - sconti - INFO - Celery pronto.
2025-03-24 17:17:38,091 - sconti - INFO - Configurazione Celery: broker_url=redis://localhost:6379/0, result_backend=redis://localhost:6379/0
2025-03-24 17:17:38,094 - sconti - INFO - Scheduler Celery (beat) configurato con 3 task giornalieri.
2025-03-24 17:17:42,312 - sconti - INFO - Inizializzazione estensione SQLAlchemy
2025-03-24 17:17:42,319 - sconti - INFO - DATABASE_URL rilevato: postgresql://tech_admin:GinnyLD%401402@100.120.25.12:5432/ld_flask_app
2025-03-24 17:17:42,319 - sconti - INFO - Creazione dell'app Flask per Celery...
2025-03-24 17:17:42,321 - sconti - INFO - >>> Creazione dell'app Flask
2025-03-24 17:17:42,369 - sconti - INFO - App Flask creata e database inizializzato correttamente.
2025-03-24 17:17:42,369 - sconti - INFO - Inizializzazione di Celery...
2025-03-24 17:17:42,433 - sconti - INFO - Caricamento configurazione da config.celeryconfig...
2025-03-24 17:17:42,434 - sconti - INFO - Autodiscovery dei task Celery...
2025-03-24 17:17:42,434 - sconti - INFO - Celery pronto.
2025-03-24 17:17:42,456 - sconti - INFO - Configurazione Celery: broker_url=redis://localhost:6379/0, result_backend=redis://localhost:6379/0
2025-03-24 17:17:42,458 - sconti - INFO - Scheduler Celery (beat) configurato con 3 task giornalieri.
2025-03-24 17:23:22,027 - sconti - INFO - Inizializzazione estensione SQLAlchemy
2025-03-24 17:23:22,036 - sconti - INFO - DATABASE_URL rilevato: postgresql://tech_admin:GinnyLD%401402@100.120.25.12:5432/ld_flask_app
2025-03-24 17:23:22,037 - sconti - INFO - Creazione dell'app Flask per Celery...
2025-03-24 17:23:22,040 - sconti - INFO - >>> Creazione dell'app Flask
2025-03-24 17:23:22,101 - sconti - INFO - App Flask creata e database inizializzato correttamente.
2025-03-24 17:23:22,102 - sconti - INFO - Inizializzazione di Celery...
2025-03-24 17:23:22,111 - sconti - INFO - Caricamento configurazione da config.celeryconfig...
2025-03-24 17:23:22,112 - sconti - INFO - Autodiscovery dei task Celery...
2025-03-24 17:23:22,114 - sconti - INFO - Celery pronto.
2025-03-24 17:23:22,131 - sconti - INFO - Configurazione Celery: broker_url=redis://localhost:6379/0, result_backend=redis://localhost:6379/0
2025-03-24 17:23:22,133 - sconti - INFO - Scheduler Celery (beat) configurato con 3 task giornalieri.
2025-03-24 17:23:28,254 - sconti - INFO - Inizializzazione estensione SQLAlchemy
2025-03-24 17:23:28,263 - sconti - INFO - DATABASE_URL rilevato: postgresql://tech_admin:GinnyLD%401402@100.120.25.12:5432/ld_flask_app
2025-03-24 17:23:28,264 - sconti - INFO - Creazione dell'app Flask per Celery...
2025-03-24 17:23:28,265 - sconti - INFO - >>> Creazione dell'app Flask
2025-03-24 17:23:28,318 - sconti - INFO - App Flask creata e database inizializzato correttamente.
2025-03-24 17:23:28,319 - sconti - INFO - Inizializzazione di Celery...
2025-03-24 17:23:28,326 - sconti - INFO - Caricamento configurazione da config.celeryconfig...
2025-03-24 17:23:28,327 - sconti - INFO - Autodiscovery dei task Celery...
2025-03-24 17:23:28,328 - sconti - INFO - Celery pronto.
2025-03-24 17:23:28,341 - sconti - INFO - Configurazione Celery: broker_url=redis://localhost:6379/0, result_backend=redis://localhost:6379/0
2025-03-24 17:23:28,344 - sconti - INFO - Scheduler Celery (beat) configurato con 3 task giornalieri.
2025-03-24 17:27:06,151 - sconti - INFO - Inizializzazione estensione SQLAlchemy
2025-03-24 17:27:06,163 - sconti - INFO - DATABASE_URL rilevato: postgresql://tech_admin:GinnyLD%401402@100.120.25.12:5432/ld_flask_app
2025-03-24 17:27:06,163 - sconti - INFO - Creazione dell'app Flask per Celery...
2025-03-24 17:27:06,163 - sconti - INFO - >>> Creazione dell'app Flask
2025-03-24 17:27:06,219 - sconti - INFO - App Flask creata e database inizializzato correttamente.
2025-03-24 17:27:06,219 - sconti - INFO - Inizializzazione di Celery...
2025-03-24 17:27:06,227 - sconti - INFO - Caricamento configurazione da config.celeryconfig...
2025-03-24 17:27:06,227 - sconti - INFO - Autodiscovery dei task Celery...
2025-03-24 17:27:06,228 - sconti - INFO - Celery pronto.
2025-03-24 17:27:06,240 - sconti - INFO - Configurazione Celery: broker_url=redis://localhost:6379/0, result_backend=redis://localhost:6379/0
2025-03-24 17:27:06,242 - sconti - INFO - Scheduler Celery (beat) configurato con 3 task giornalieri.
2025-03-24 17:27:45,200 - sconti - INFO - Inizializzazione estensione SQLAlchemy
2025-03-24 17:27:45,209 - sconti - INFO - DATABASE_URL rilevato: postgresql://tech_admin:GinnyLD%401402@100.120.25.12:5432/ld_flask_app
2025-03-24 17:27:45,211 - sconti - INFO - Creazione dell'app Flask per Celery...
2025-03-24 17:27:45,212 - sconti - INFO - >>> Creazione dell'app Flask
2025-03-24 17:27:45,262 - sconti - INFO - App Flask creata e database inizializzato correttamente.
2025-03-24 17:27:45,263 - sconti - INFO - Inizializzazione di Celery...
2025-03-24 17:27:45,274 - sconti - INFO - Caricamento configurazione da config.celeryconfig...
2025-03-24 17:27:45,276 - sconti - INFO - Autodiscovery dei task Celery...
2025-03-24 17:27:45,278 - sconti - INFO - Celery pronto.
2025-03-24 17:27:45,297 - sconti - INFO - Configurazione Celery: broker_url=redis://localhost:6379/0, result_backend=redis://localhost:6379/0
2025-03-24 17:27:45,300 - sconti - INFO - Scheduler Celery (beat) configurato con 3 task giornalieri.
2025-03-31 20:28:50,663 - sconti - DEBUG - 🧪 Logger 'sconti' inizializzato correttamente - test DEBUG
2025-03-31 20:28:50,666 - sconti - INFO - 🧪 Logger 'sconti' inizializzato correttamente - test INFO
2025-03-31 21:36:14,372 - sconti - DEBUG - 🧪 Logger 'sconti' inizializzato correttamente - test DEBUG
2025-03-31 21:36:14,375 - sconti - INFO - 🧪 Logger 'sconti' inizializzato correttamente - test INFO
